
  .   ____          _            __ _ _
 /\\ / ___'_ __ _ _(_)_ __  __ _ \ \ \ \
( ( )\___ | '_ | '_| | '_ \/ _` | \ \ \ \
 \\/  ___)| |_)| | | | | || (_| |  ) ) ) )
  '  |____| .__|_| |_|_| |_\__, | / / / /
 =========|_|==============|___/=/_/_/_/
 :: Spring Boot ::                (v3.2.5)

2026-08-06T11:21:45.472+08:00  INFO 74008 --- [prosticks-chart-backend] [           main] com.prosticks.chart.ChartApplication     : Starting ChartApplication v1.0.0 using Java 21.0.6 with PID 74008 (C:\D\projects\FORFX_CHART\chart-backend-1.0.0.jar started by lycheee in C:\D\projects\FORFX_CHART)
2026-08-06T11:21:45.475+08:00  INFO 74008 --- [prosticks-chart-backend] [           main] com.prosticks.chart.ChartApplication     : No active profile set, falling back to 1 default profile: "default"
2026-08-06T11:21:47.060+08:00  INFO 74008 --- [prosticks-chart-backend] [           main] o.s.b.w.embedded.tomcat.TomcatWebServer  : Tomcat initialized with port 23723 (http)
2026-08-06T11:21:47.081+08:00  INFO 74008 --- [prosticks-chart-backend] [           main] o.apache.catalina.core.StandardService   : Starting service [Tomcat]
2026-08-06T11:21:47.082+08:00  INFO 74008 --- [prosticks-chart-backend] [           main] o.apache.catalina.core.StandardEngine    : Starting Servlet engine: [Apache Tomcat/10.1.20]
2026-08-06T11:21:47.129+08:00  INFO 74008 --- [prosticks-chart-backend] [           main] o.a.c.c.C.[Tomcat].[localhost].[/]       : Initializing Spring embedded WebApplicationContext
2026-08-06T11:21:47.129+08:00  INFO 74008 --- [prosticks-chart-backend] [           main] w.s.c.ServletWebServerApplicationContext : Root WebApplicationContext: initialization completed in 1569 ms
2026-08-06T11:21:47.222+08:00  INFO 74008 --- [prosticks-chart-backend] [           main] c.p.chart.pricesource.SamplePriceSource  : SamplePriceSource 已启用 (模拟数据), 已注册 35 个品种映射
2026-08-06T11:21:47.225+08:00  INFO 74008 --- [prosticks-chart-backend] [           main] c.p.chart.service.InstrumentService      : InstrumentService 从配置加载了 35 个品种
2026-08-06T11:21:47.228+08:00  INFO 74008 --- [prosticks-chart-backend] [           main] c.p.chart.service.MarketDataService      : MarketDataService 使用价源: sample (确定性模拟数据)
2026-08-06T11:21:48.049+08:00  INFO 74008 --- [prosticks-chart-backend] [           main] o.s.b.w.embedded.tomcat.TomcatWebServer  : Tomcat started on port 23723 (http) with context path ''
2026-08-06T11:21:48.102+08:00  INFO 74008 --- [prosticks-chart-backend] [           main] com.prosticks.chart.ChartApplication     : Started ChartApplication in 3.278 seconds (process running for 3.864)
2026-08-06T11:22:02.251+08:00  INFO 74008 --- [prosticks-chart-backend] [.1-23723-exec-2] o.a.c.c.C.[Tomcat].[localhost].[/]       : Initializing Spring DispatcherServlet 'dispatcherServlet'
2026-08-06T11:22:02.251+08:00  INFO 74008 --- [prosticks-chart-backend] [.1-23723-exec-2] o.s.web.servlet.DispatcherServlet        : Initializing Servlet 'dispatcherServlet'
2026-08-06T11:22:02.253+08:00  INFO 74008 --- [prosticks-chart-backend] [.1-23723-exec-2] o.s.web.servlet.DispatcherServlet        : Completed initialization in 2 ms
2026-08-06T17:15:16.878+08:00  INFO 74008 --- [prosticks-chart-backend] [.1-23723-exec-1] o.springdoc.api.AbstractOpenApiResource  : Init duration for springdoc-openapi is: 974 ms
